{"warnings":[],"directives":{"#CARD_LINK":[],"#FILTER_SELECT":[],"#FILTER_SLIDER":[],"#COORDINATES":["coords"],"#FOOTER_LEGEND":[],"#SEARCH":["unnamed_column_6","unnamed_column_2","unnamed_column_2__","unnamed_column_6_"],"#CARD_PREVIEW":[],"#COLOR":["unnamed_column_6_"],"#CARD_TEXT":[],"#FOOTER_SLIDER":[],"#FILTER_RANGE":[],"#NAME":["unnamed_column_2___"],"#CARD_INFO":[]},"geojson":{"type":"FeatureCollection","features":[{"type":"Feature","geometry":{"type":"Point","coordinates":[0.0,0.0]},"properties":{"unnamed_column_2___":"a","unnamed_column_6":"b","unnamed_column_2":"c","unnamed_column_2__":"d"}},{"type":"Feature","geometry":{"type":"Point","coordinates":[0.0,0.0]},"properties":{"unnamed_column_6":"e","unnamed_column_2__":"f"}}]}}