{"warnings":[],"directives":{"#CARD_LINK":[],"#FILTER_SELECT":[],"#FILTER_SLIDER":["val2","val5"],"#COORDINATES":["coords"],"#FOOTER_LEGEND":[],"#SEARCH":[],"#CARD_PREVIEW":[],"#COLOR":[],"#CARD_TEXT":[],"#FOOTER_SLIDER":["val3","val6"],"#FILTER_RANGE":["val1","val4"],"#NAME":[],"#CARD_INFO":[]},"geojson":{"type":"FeatureCollection","features":[{"type":"Feature","geometry":{"type":"Point","coordinates":[0.0,0.0]},"properties":{}},{"type":"Feature","geometry":{"type":"Point","coordinates":[0.0,0.0]},"properties":{"val1":"0","val2":"0","val3":"0","val4":"01.01.2020","val5":"01.01.2020","val6":"01.01.2020"}},{"type":"Feature","geometry":{"type":"Point","coordinates":[0.0,0.0]},"properties":{"val1":"0","val2":"0","val3":"0","val4":"01.01.2020","val5":"01.01.2020","val6":"01.01.2020"}},{"type":"Feature","geometry":{"type":"Point","coordinates":[0.0,0.0]},"properties":{"val1":"0","val2":"0","val3":"0","val4":"01.01.2020","val5":"01.01.2020","val6":"01.01.2020"}}]}}