{"warnings":[],"directives":{"#CARD_LINK":[],"#FILTER_SELECT":[],"#FILTER_SLIDER":[],"#COORDINATES":["coords"],"#FOOTER_LEGEND":[],"#SEARCH":[],"#CARD_PREVIEW":["unnamed_column_2","unnamed_column_3","unnamed_column_4"],"#COLOR":[],"#CARD_TEXT":[],"#FOOTER_SLIDER":[],"#FILTER_RANGE":[],"#NAME":[],"#CARD_INFO":[]},"geojson":{"type":"FeatureCollection","features":[{"type":"Feature","geometry":{"type":"Point","coordinates":[0.0,0.0]},"properties":{"unnamed_column_2":"a","unnamed_column_3":"b","unnamed_column_4":"c"}}]}}