{"warnings":[],"directives":{"#CARD_LINK":[],"#FILTER_SELECT":[],"#FILTER_SLIDER":[],"#COORDINATES":["coords"],"#FOOTER_LEGEND":[],"#SEARCH":["unnamed_column_2","unnamed_column_4","unnamed_column_6"],"#CARD_PREVIEW":[],"#COLOR":["unnamed_column_5"],"#CARD_TEXT":[],"#FOOTER_SLIDER":[],"#FILTER_RANGE":[],"#NAME":["unnamed_column_6"],"#CARD_INFO":[]},"geojson":{"type":"FeatureCollection","features":[{"type":"Feature","geometry":{"type":"Point","coordinates":[0.0,0.0]},"properties":{"unnamed_column_2":"a","unnamed_column_4":"b","unnamed_column_5":"c","unnamed_column_6":"d"}},{"type":"Feature","geometry":{"type":"Point","coordinates":[0.0,0.0]},"properties":{"unnamed_column_4":"g","unnamed_column_6":"h"}}]}}